{
  "samples": [
    true,
    false,
    false,
    true,
    false,
    true,
    false,
    true,
    true,
    true
  ],
  "seed": {
    "gamma": 1.1095414037045876439e19,
    "value": 2823862818756496374
  }
}
