{
  "samples": [
    "1",
    "a",
    "E",
    "D",
    "E",
    "4",
    "8",
    "c",
    "e",
    "B"
  ],
  "seed": {
    "gamma": 8116498096415474293,
    "value": 4059479998423288761
  }
}
